// Jest Snapshot v1, https://goo.gl/fbAQLP

exports[`Email settings test Matches snapshot 1`] = `
<div
  className="mb-3"
  id="email-settings"
>
  <div>
    <label>
      Change Email:
    </label>
    <div
      className="bordered-container rounded mb-3"
    >
      <div
        className="mb-3"
      >
        <label
          htmlFor="new-email"
        >
          New Email:
        </label>
        <input
          className="form-control"
          id="new-email"
          name="new_email"
          onChange={[Function]}
          type="email"
          value=""
        />
      </div>
      <div
        className="mb-3"
      >
        <label
          htmlFor="confirm-email"
        >
          Confirm Email:
        </label>
        <input
          autoComplete="off"
          className="form-control"
          id="confirm-email"
          name="confirm_email"
          onChange={[Function]}
          type="email"
          value=""
        />
      </div>
    </div>
  </div>
  <div
    className="text-right"
  >
    <SubmitButton
      disabled={true}
      loading={false}
      onClick={[Function]}
      type="button"
      value="Save"
    />
  </div>
</div>
`;
