// Jest Snapshot v1, https://goo.gl/fbAQLP

exports[`Message details page snapshot 1`] = `
<Provider
  store={
    Object {
      "dispatch": [Function],
      "getState": [Function],
      "replaceReducer": [Function],
      "subscribe": [Function],
      Symbol(observable): [Function],
    }
  }
>
  <MemoryRouter
    initialEntries={
      Array [
        Object {
          "key": "message-details",
          "pathname": "/dashboard/message/1/details",
        },
      ]
    }
  >
    <Router
      history={
        Object {
          "action": "POP",
          "block": [Function],
          "canGo": [Function],
          "createHref": [Function],
          "entries": Array [
            Object {
              "hash": "",
              "key": "message-details",
              "pathname": "/dashboard/message/1/details",
              "search": "",
            },
          ],
          "go": [Function],
          "goBack": [Function],
          "goForward": [Function],
          "index": 0,
          "length": 1,
          "listen": [Function],
          "location": Object {
            "hash": "",
            "key": "message-details",
            "pathname": "/dashboard/message/1/details",
            "search": "",
          },
          "push": [Function],
          "replace": [Function],
        }
      }
    >
      <withRouter(Dashboard)
        user={
          Object {
            "status": "success",
            "user": true,
          }
        }
      >
        <Route>
          <Dashboard
            history={
              Object {
                "action": "POP",
                "block": [Function],
                "canGo": [Function],
                "createHref": [Function],
                "entries": Array [
                  Object {
                    "hash": "",
                    "key": "message-details",
                    "pathname": "/dashboard/message/1/details",
                    "search": "",
                  },
                ],
                "go": [Function],
                "goBack": [Function],
                "goForward": [Function],
                "index": 0,
                "length": 1,
                "listen": [Function],
                "location": Object {
                  "hash": "",
                  "key": "message-details",
                  "pathname": "/dashboard/message/1/details",
                  "search": "",
                },
                "push": [Function],
                "replace": [Function],
              }
            }
            location={
              Object {
                "hash": "",
                "key": "message-details",
                "pathname": "/dashboard/message/1/details",
                "search": "",
              }
            }
            match={
              Object {
                "isExact": false,
                "params": Object {},
                "path": "/",
                "url": "/",
              }
            }
            user={
              Object {
                "status": "success",
                "user": true,
              }
            }
          >
            <section
              className="main-panel w-100"
              id="dashboard"
            >
              <TabBar
                items={
                  Array [
                    Object {
                      "active": false,
                      "link": "/dashboard/edit",
                      "name": "Edit",
                    },
                    Object {
                      "active": false,
                      "link": "/dashboard/inquiries",
                      "name": "Inquiries",
                    },
                    Object {
                      "active": false,
                      "link": "/dashboard/offers",
                      "name": "Offers",
                    },
                    Object {
                      "active": false,
                      "link": "/dashboard/active-jobs",
                      "name": "Active Jobs",
                    },
                    Object {
                      "active": false,
                      "link": "/dashboard/completed",
                      "name": "Completed",
                    },
                    Object {
                      "active": false,
                      "link": "/dashboard/settings",
                      "name": "Settings",
                    },
                  ]
                }
              >
                <div
                  className="tab-bar"
                >
                  <NavLink
                    activeClassName="active"
                    aria-current="page"
                    key="0"
                    to="/dashboard/edit"
                  >
                    <Route
                      path="\\\\/dashboard\\\\/edit"
                    >
                      <Link
                        aria-current={null}
                        replace={false}
                        to="/dashboard/edit"
                      >
                        <a
                          aria-current={null}
                          href="/dashboard/edit"
                          onClick={[Function]}
                        >
                          <div
                            className="tab-button"
                          >
                            Edit
                          </div>
                        </a>
                      </Link>
                    </Route>
                  </NavLink>
                  <NavLink
                    activeClassName="active"
                    aria-current="page"
                    key="1"
                    to="/dashboard/inquiries"
                  >
                    <Route
                      path="\\\\/dashboard\\\\/inquiries"
                    >
                      <Link
                        aria-current={null}
                        replace={false}
                        to="/dashboard/inquiries"
                      >
                        <a
                          aria-current={null}
                          href="/dashboard/inquiries"
                          onClick={[Function]}
                        >
                          <div
                            className="tab-button"
                          >
                            Inquiries
                          </div>
                        </a>
                      </Link>
                    </Route>
                  </NavLink>
                  <NavLink
                    activeClassName="active"
                    aria-current="page"
                    key="2"
                    to="/dashboard/offers"
                  >
                    <Route
                      path="\\\\/dashboard\\\\/offers"
                    >
                      <Link
                        aria-current={null}
                        replace={false}
                        to="/dashboard/offers"
                      >
                        <a
                          aria-current={null}
                          href="/dashboard/offers"
                          onClick={[Function]}
                        >
                          <div
                            className="tab-button"
                          >
                            Offers
                          </div>
                        </a>
                      </Link>
                    </Route>
                  </NavLink>
                  <NavLink
                    activeClassName="active"
                    aria-current="page"
                    key="3"
                    to="/dashboard/active-jobs"
                  >
                    <Route
                      path="\\\\/dashboard\\\\/active-jobs"
                    >
                      <Link
                        aria-current={null}
                        replace={false}
                        to="/dashboard/active-jobs"
                      >
                        <a
                          aria-current={null}
                          href="/dashboard/active-jobs"
                          onClick={[Function]}
                        >
                          <div
                            className="tab-button"
                          >
                            Active Jobs
                          </div>
                        </a>
                      </Link>
                    </Route>
                  </NavLink>
                  <NavLink
                    activeClassName="active"
                    aria-current="page"
                    key="4"
                    to="/dashboard/completed"
                  >
                    <Route
                      path="\\\\/dashboard\\\\/completed"
                    >
                      <Link
                        aria-current={null}
                        replace={false}
                        to="/dashboard/completed"
                      >
                        <a
                          aria-current={null}
                          href="/dashboard/completed"
                          onClick={[Function]}
                        >
                          <div
                            className="tab-button"
                          >
                            Completed
                          </div>
                        </a>
                      </Link>
                    </Route>
                  </NavLink>
                  <NavLink
                    activeClassName="active"
                    aria-current="page"
                    key="5"
                    to="/dashboard/settings"
                  >
                    <Route
                      path="\\\\/dashboard\\\\/settings"
                    >
                      <Link
                        aria-current={null}
                        replace={false}
                        to="/dashboard/settings"
                      >
                        <a
                          aria-current={null}
                          href="/dashboard/settings"
                          onClick={[Function]}
                        >
                          <div
                            className="tab-button"
                          >
                            Settings
                          </div>
                        </a>
                      </Link>
                    </Route>
                  </NavLink>
                </div>
              </TabBar>
              <withRouter(MessageDetails)
                user={
                  Object {
                    "status": "success",
                    "user": true,
                  }
                }
              >
                <Route>
                  <MessageDetails
                    history={
                      Object {
                        "action": "POP",
                        "block": [Function],
                        "canGo": [Function],
                        "createHref": [Function],
                        "entries": Array [
                          Object {
                            "hash": "",
                            "key": "message-details",
                            "pathname": "/dashboard/message/1/details",
                            "search": "",
                          },
                        ],
                        "go": [Function],
                        "goBack": [Function],
                        "goForward": [Function],
                        "index": 0,
                        "length": 1,
                        "listen": [Function],
                        "location": Object {
                          "hash": "",
                          "key": "message-details",
                          "pathname": "/dashboard/message/1/details",
                          "search": "",
                        },
                        "push": [Function],
                        "replace": [Function],
                      }
                    }
                    location={
                      Object {
                        "hash": "",
                        "key": "message-details",
                        "pathname": "/dashboard/message/1/details",
                        "search": "",
                      }
                    }
                    match={
                      Object {
                        "isExact": false,
                        "params": Object {},
                        "path": "/",
                        "url": "/",
                      }
                    }
                    user={
                      Object {
                        "status": "success",
                        "user": true,
                      }
                    }
                  >
                    <div
                      className="blue-panel shallow three-rounded w-100"
                    >
                      <Loading
                        size="7x"
                      >
                        <div
                          className="loading-container"
                          style={
                            Object {
                              "background": "transparent",
                            }
                          }
                        >
                          <div
                            className="loading"
                          >
                            <FontAwesomeIcon
                              border={false}
                              className=""
                              fixedWidth={false}
                              flip={null}
                              icon={
                                Object {
                                  "icon": Array [
                                    512,
                                    512,
                                    Array [],
                                    "f1ce",
                                    "M288 39.056v16.659c0 10.804 7.281 20.159 17.686 23.066C383.204 100.434 440 171.518 440 256c0 101.689-82.295 184-184 184-101.689 0-184-82.295-184-184 0-84.47 56.786-155.564 134.312-177.219C216.719 75.874 224 66.517 224 55.712V39.064c0-15.709-14.834-27.153-30.046-23.234C86.603 43.482 7.394 141.206 8.003 257.332c.72 137.052 111.477 246.956 248.531 246.667C393.255 503.711 504 392.788 504 256c0-115.633-79.14-212.779-186.211-240.236C302.678 11.889 288 23.456 288 39.056z",
                                  ],
                                  "iconName": "circle-notch",
                                  "prefix": "fas",
                                }
                              }
                              inverse={false}
                              listItem={false}
                              mask={null}
                              pull={null}
                              pulse={false}
                              rotation={null}
                              size="7x"
                              spin={true}
                              symbol={false}
                              transform={null}
                            >
                              <svg
                                aria-hidden="true"
                                className="svg-inline--fa fa-circle-notch fa-w-16 fa-spin fa-7x "
                                data-icon="circle-notch"
                                data-prefix="fas"
                                role="img"
                                style={Object {}}
                                viewBox="0 0 512 512"
                                xmlns="http://www.w3.org/2000/svg"
                              >
                                <path
                                  d="M288 39.056v16.659c0 10.804 7.281 20.159 17.686 23.066C383.204 100.434 440 171.518 440 256c0 101.689-82.295 184-184 184-101.689 0-184-82.295-184-184 0-84.47 56.786-155.564 134.312-177.219C216.719 75.874 224 66.517 224 55.712V39.064c0-15.709-14.834-27.153-30.046-23.234C86.603 43.482 7.394 141.206 8.003 257.332c.72 137.052 111.477 246.956 248.531 246.667C393.255 503.711 504 392.788 504 256c0-115.633-79.14-212.779-186.211-240.236C302.678 11.889 288 23.456 288 39.056z"
                                  fill="currentColor"
                                  style={Object {}}
                                />
                              </svg>
                            </FontAwesomeIcon>
                          </div>
                        </div>
                      </Loading>
                    </div>
                  </MessageDetails>
                </Route>
              </withRouter(MessageDetails)>
            </section>
          </Dashboard>
        </Route>
      </withRouter(Dashboard)>
    </Router>
  </MemoryRouter>
</Provider>
`;
