// Jest Snapshot v1, https://goo.gl/fbAQLP

exports[`Messages page snapshot 1`] = `
<MemoryRouter
  initialEntries={
    Array [
      Object {
        "key": "view-user",
        "pathname": "/user/some-user",
      },
    ]
  }
>
  <withRouter(Dashboard)
    user={
      Object {
        "status": "success",
        "user": true,
      }
    }
  >
    <withRouter(Connect(ViewUser))
      user={
        Object {
          "status": "success",
          "user": true,
        }
      }
    />
  </withRouter(Dashboard)>
</MemoryRouter>
`;
